********************************************************************************
   General Structure Analysis System-II Crystal Structure Refinement
              by Robert B. Von Dreele & Brian H. Toby
                Argonne National Laboratory(C), 2010
 This product includes software developed by the UChicago Argonne, LLC,
            as Operator of Argonne National Laboratory.
                          Please cite:
   B.H. Toby & R.B. Von Dreele, J. Appl. Cryst. 46, 544-549 (2013)
********************************************************************************
 Least squares controls:
 Refinement type: analytic Hessian
 Maximum number of cycles: 3
 Regularize hydrogens (if any): False
 Initial shift factor: 1.000

 Phases:

 Phase name: LaNiO3
=======================================================================================================================================

 X-ray scattering factors:
   Symbol     fa                                      fb                                      fc
---------------------------------------------------------------------------------------------------
 La+3      20.24890  19.37630  11.63230   0.33605   2.92070   0.25070  17.82110  54.94530   2.40860
 Ni+3      10.78060   7.75868   5.22746   0.84711   3.54770   0.22314   7.64468  16.96730   0.38604
 O-2        3.76936   2.53342   1.91579   1.55094  15.07970   6.30430  40.34450   0.31291   0.22789

 Electron scattering factors:
   Symbol     fa                                                fb
---------------------------------------------------------------------------------------------------

 Neutron scattering factors:
   Symbol   isotope       mass       b       resonant terms
---------------------------------------------------------------------------------------------------
 La+3    Nat. Abund.    138.906    0.824
 Ni+3    Nat. Abund.     58.700    1.030
 O-2     Nat. Abund.     15.999    0.580

 Space Group: R -3 c h
 The lattice is centrosymmetric R-centered trigonal
 The Laue symmetry is 3m1
 The lattice point group is -3m
 Multiplicity of a general site is 36
 The inversion center is located at 0,0,0
 
 The equivalent positions are:

 (0,0,0; 2/3,1/3,1/3; 1/3,2/3,2/3)+

 ( 1)     X,     Y,     Z 
 ( 2)    -Y,   X-Y,     Z 
 ( 3)   Y-X,    -X,     Z 
 ( 4)   Y-X,     Y, 1/2+Z 
 ( 5)    -Y,    -X, 1/2+Z 
 ( 6)     X,   X-Y, 1/2+Z 

 Atoms:
   name    type  refine?   x         y         z      frac site sym  mult I/A   Uiso     U11     U22     U33     U12     U13     U23
---------------------------------------------------------------------------------------------------------------------------------------
    La1   La+3          0.00000   0.00000   0.25000   0.99532(100)    6    A         0.00523 0.00523 0.00803 0.00261 0.00000 0.00000
    Ni1   Ni+3          0.00000   0.00000   0.00000   1.000     -3    6    A         0.00304 0.00304 0.00550 0.00152 0.00000 0.00000
     O1    O-2          0.54570   0.00000   0.25000   1.000 2(100)   18    A         0.00770 0.00770 0.00930 0.00380-0.00150-0.00290

 Unit cell: a = 5.46393 b = 5.46393 c = 13.14459 alpha = 90.000 beta = 90.000 gamma = 120.000 volume = 339.851 Refine? True

 Phase name: La2NiO4
=======================================================================================================================================

 X-ray scattering factors:
   Symbol     fa                                      fb                                      fc
---------------------------------------------------------------------------------------------------
 La+3      20.24890  19.37630  11.63230   0.33605   2.92070   0.25070  17.82110  54.94530   2.40860
 Ni+2      11.41660   7.40050   5.34420   0.97730   3.67660   0.24490   8.87300  22.16260   0.86140
 O-2        3.76936   2.53342   1.91579   1.55094  15.07970   6.30430  40.34450   0.31291   0.22789

 Electron scattering factors:
   Symbol     fa                                                fb
---------------------------------------------------------------------------------------------------

 Neutron scattering factors:
   Symbol   isotope       mass       b       resonant terms
---------------------------------------------------------------------------------------------------
 La+3    Nat. Abund.    138.906    0.824
 Ni+2    Nat. Abund.     58.700    1.030
 O-2     Nat. Abund.     15.999    0.580

 Space Group: I 4/m m m
 The lattice is centrosymmetric I-centered tetragonal
 The Laue symmetry is 4/mmm
 The lattice point group is 4/mmm
 Multiplicity of a general site is 32
 The inversion center is located at 0,0,0
 
 The equivalent positions are:

 (0,0,0; 1/2,1/2,1/2)+

 ( 1)     X,     Y,     Z 
 ( 2)    -Y,     X,     Z 
 ( 3)    -X,    -Y,     Z 
 ( 4)     Y,    -X,     Z 
 ( 5)    -X,     Y,     Z 
 ( 6)    -Y,    -X,     Z 
 ( 7)     X,    -Y,     Z 
 ( 8)     Y,     X,     Z 

 Atoms:
   name    type  refine?   x         y         z      frac site sym  mult I/A   Uiso     U11     U22     U33     U12     U13     U23
---------------------------------------------------------------------------------------------------------------------------------------
    La1   La+3          0.00000   0.00000   0.36200   1.000 4mm(z)    4    I 0.01000                                                
    Ni1   Ni+2          0.00000   0.00000   0.00000   1.0004/mmm(z)    2    I 0.01000                                                
     O1    O-2          0.50000   0.00000   0.00000   1.000    mmm    4    I 0.01000                                                
     O2    O-2          0.00000   0.00000   0.15700   1.000 4mm(z)    4    I 0.01000                                                

 Unit cell: a = 3.86800 b = 3.86800 c = 12.67900 alpha = 90.000 beta = 90.000 gamma = 90.000 volume = 189.696 Refine? True

 Phase name: La3Ni2O7
=======================================================================================================================================

 X-ray scattering factors:
   Symbol     fa                                      fb                                      fc
---------------------------------------------------------------------------------------------------
 La+3      20.24890  19.37630  11.63230   0.33605   2.92070   0.25070  17.82110  54.94530   2.40860
 Ni+2      11.41660   7.40050   5.34420   0.97730   3.67660   0.24490   8.87300  22.16260   0.86140
 O-2        3.76936   2.53342   1.91579   1.55094  15.07970   6.30430  40.34450   0.31291   0.22789

 Electron scattering factors:
   Symbol     fa                                                fb
---------------------------------------------------------------------------------------------------

 Neutron scattering factors:
   Symbol   isotope       mass       b       resonant terms
---------------------------------------------------------------------------------------------------
 La+3    Nat. Abund.    138.906    0.824
 Ni+2    Nat. Abund.     58.700    1.030
 O-2     Nat. Abund.     15.999    0.580

 Space Group: F m m m
 The lattice is centrosymmetric F-centered orthorhombic
 The Laue symmetry is mmm
 The lattice point group is mmm
 Multiplicity of a general site is 32
 The inversion center is located at 0,0,0
 
 The equivalent positions are:

 (0,0,0; 0,1/2,1/2; 1/2,0,1/2; 1/2,1/2,0)+

 ( 1)     X,     Y,     Z 
 ( 2)    -X,     Y,     Z 
 ( 3)     X,    -Y,     Z 
 ( 4)    -X,    -Y,     Z 

 Atoms:
   name    type  refine?   x         y         z      frac site sym  mult I/A   Uiso     U11     U22     U33     U12     U13     U23
---------------------------------------------------------------------------------------------------------------------------------------
    La1   La+3          0.00000   0.00000   0.50000   1.000    mmm    4    I 0.01000                                                
    La2   La+3          0.00000   0.00000   0.31480   1.000 mm2(z)    8    I 0.01000                                                
    Ni1   Ni+2          0.00000   0.00000   0.09710   1.000 mm2(z)    8    I 0.01000                                                
     O1    O-2          0.00000   0.00000   0.00000   0.920    mmm    4    I 0.01000                                                
     O2    O-2          0.00000   0.00000   0.19000   1.000 mm2(z)    8    I 0.01000                                                
     O3    O-2         -0.25000   0.25000   0.09600   1.000   2(z)   16    I 0.01000                                                

 Unit cell: a = 5.39610 b = 5.44980 c = 20.52200 alpha = 90.000 beta = 90.000 gamma = 90.000 volume = 603.504 Refine? True

 Phase name: La4Ni3O10
=======================================================================================================================================

 X-ray scattering factors:
   Symbol     fa                                      fb                                      fc
---------------------------------------------------------------------------------------------------
 La+3      20.24890  19.37630  11.63230   0.33605   2.92070   0.25070  17.82110  54.94530   2.40860
 Ni+3      10.78060   7.75868   5.22746   0.84711   3.54770   0.22314   7.64468  16.96730   0.38604
 O-2        3.76936   2.53342   1.91579   1.55094  15.07970   6.30430  40.34450   0.31291   0.22789

 Electron scattering factors:
   Symbol     fa                                                fb
---------------------------------------------------------------------------------------------------

 Neutron scattering factors:
   Symbol   isotope       mass       b       resonant terms
---------------------------------------------------------------------------------------------------
 La+3    Nat. Abund.    138.906    0.824
 Ni+3    Nat. Abund.     58.700    1.030
 O-2     Nat. Abund.     15.999    0.580

 Space Group: F m m m
 The lattice is centrosymmetric F-centered orthorhombic
 The Laue symmetry is mmm
 The lattice point group is mmm
 Multiplicity of a general site is 32
 The inversion center is located at 0,0,0
 
 The equivalent positions are:

 (0,0,0; 0,1/2,1/2; 1/2,0,1/2; 1/2,1/2,0)+

 ( 1)     X,     Y,     Z 
 ( 2)    -X,     Y,     Z 
 ( 3)     X,    -Y,     Z 
 ( 4)    -X,    -Y,     Z 

 Atoms:
   name    type  refine?   x         y         z      frac site sym  mult I/A   Uiso     U11     U22     U33     U12     U13     U23
---------------------------------------------------------------------------------------------------------------------------------------
    La1   La+3          0.00000   0.00000   0.43100   1.000 mm2(z)    8    I 0.01000                                                
    La2   La+3          0.00000   0.00000   0.29800   1.000 mm2(z)    8    I 0.01000                                                
    Ni1   Ni+3          0.00000   0.00000   0.00000   1.000    mmm    4    I 0.01000                                                
    Ni2   Ni+3          0.00000   0.00000   0.13900   1.000 mm2(z)    8    I 0.01000                                                
     O1    O-2          0.25000   0.25000   0.00000   1.000 2/m(z)    8    I 0.01000                                                
     O2    O-2          0.00000   0.00000   0.07000   1.000 mm2(z)    8    I 0.01000                                                
     O3    O-2          0.25000   0.25000   0.14000   1.000   2(z)   16    I 0.01000                                                
     O4    O-2          0.00000   0.00000   0.21000   1.000 mm2(z)    8    I 0.01000                                                

 Unit cell: a = 5.41500 b = 5.46500 c = 27.95900 alpha = 90.000 beta = 90.000 gamma = 90.000 volume = 827.390 Refine? True

 Phase name: NiO
=======================================================================================================================================

 X-ray scattering factors:
   Symbol     fa                                      fb                                      fc
---------------------------------------------------------------------------------------------------
 Ni+2      11.41660   7.40050   5.34420   0.97730   3.67660   0.24490   8.87300  22.16260   0.86140
 O-2        3.76936   2.53342   1.91579   1.55094  15.07970   6.30430  40.34450   0.31291   0.22789

 Electron scattering factors:
   Symbol     fa                                                fb
---------------------------------------------------------------------------------------------------

 Neutron scattering factors:
   Symbol   isotope       mass       b       resonant terms
---------------------------------------------------------------------------------------------------
 Ni+2    Nat. Abund.     58.700    1.030
 O-2     Nat. Abund.     15.999    0.580

 Space Group: R -3 m h
 The lattice is centrosymmetric R-centered trigonal
 The Laue symmetry is 3m1
 The lattice point group is -3m
 Multiplicity of a general site is 36
 The inversion center is located at 0,0,0
 
 The equivalent positions are:

 (0,0,0; 2/3,1/3,1/3; 1/3,2/3,2/3)+

 ( 1)     X,     Y,     Z 
 ( 2)    -Y,   X-Y,     Z 
 ( 3)   Y-X,    -X,     Z 
 ( 4)   Y-X,     Y,     Z 
 ( 5)    -Y,    -X,     Z 
 ( 6)     X,   X-Y,     Z 

 Atoms:
   name    type  refine?   x         y         z      frac site sym  mult I/A   Uiso     U11     U22     U33     U12     U13     U23
---------------------------------------------------------------------------------------------------------------------------------------
    Ni1   Ni+2          0.00000   0.00000   0.00000   1.000-3m(100)    3    I 0.01000                                                
     O1    O-2          0.00000   0.00000   0.50000   1.000-3m(100)    3    I 0.01000                                                

 Unit cell: a = 2.95006 b = 2.95006 c = 7.21235 alpha = 90.000 beta = 90.000 gamma = 120.000 volume = 54.359 Refine? True

 Phase: LaNiO3 in histogram: PWDR ML_Poot_20241024_6_RYH_0-RYH1055F_LaNiO3_approx4gNaI_100Chrup_9hrdwell_900C_100Chrdown_ black_fluxremaining_15min.raw scan 0
=======================================================================================================================================
 Phase fraction  :     0.9136 Refine? False
 Extinction coeff:     0.0000 Refine? False
 March-Dollase PO:     1.0000 Refine? False Axis: 0 0 1

 Size model    : isotropic equatorial:       0.061 Refine? False
	 LG mixing coeff.:       1.0000 Refine? False

 Mustrain model: isotropic equatorial:      1000.0 Refine? False
	 LG mixing coeff.:      1.0000 Refine? False

 Hydrostatic/elastic strain:
 names :         D11         D33
 values:           0           0
 refine:       False       False

 Phase: La2NiO4 in histogram: PWDR ML_Poot_20241024_6_RYH_0-RYH1055F_LaNiO3_approx4gNaI_100Chrup_9hrdwell_900C_100Chrdown_ black_fluxremaining_15min.raw scan 0
=======================================================================================================================================
 Phase fraction  :    0.08395 Refine? False
 Extinction coeff:     0.0000 Refine? False
 March-Dollase PO:     1.0000 Refine? False Axis: 0 0 1

 Size model    : isotropic equatorial:       0.007 Refine? False
	 LG mixing coeff.:       1.0000 Refine? False

 Mustrain model: isotropic equatorial:      1000.0 Refine? False
	 LG mixing coeff.:      1.0000 Refine? False

 Hydrostatic/elastic strain:
 names :         D11         D33
 values:           0           0
 refine:       False       False

 Phase: La3Ni2O7 in histogram: PWDR ML_Poot_20241024_6_RYH_0-RYH1055F_LaNiO3_approx4gNaI_100Chrup_9hrdwell_900C_100Chrdown_ black_fluxremaining_15min.raw scan 0
=======================================================================================================================================
 Phase fraction  :     0.1094 Refine? False
 Extinction coeff:     0.0000 Refine? False
 March-Dollase PO:     1.0000 Refine? False Axis: 0 0 1

 Size model    : isotropic equatorial:       0.031 Refine? False
	 LG mixing coeff.:       1.0000 Refine? False

 Mustrain model: isotropic equatorial:      1000.0 Refine? False
	 LG mixing coeff.:      1.0000 Refine? False

 Hydrostatic/elastic strain:
 names :         D11         D22         D33
 values:           0           0           0
 refine:       False       False       False

 Phase: La4Ni3O10 in histogram: PWDR ML_Poot_20241024_6_RYH_0-RYH1055F_LaNiO3_approx4gNaI_100Chrup_9hrdwell_900C_100Chrdown_ black_fluxremaining_15min.raw scan 0
=======================================================================================================================================
 Phase fraction  :     0.3359 Refine? False
 Extinction coeff:     0.0000 Refine? False
 March-Dollase PO:     1.0000 Refine? False Axis: 0 0 1

 Size model    : isotropic equatorial:       0.028 Refine? False
	 LG mixing coeff.:       1.0000 Refine? False

 Mustrain model: isotropic equatorial:      1000.0 Refine? False
	 LG mixing coeff.:      1.0000 Refine? False

 Hydrostatic/elastic strain:
 names :         D11         D22         D33
 values:           0           0           0
 refine:       False       False       False

 Phase: NiO in histogram: PWDR ML_Poot_20241024_6_RYH_0-RYH1055F_LaNiO3_approx4gNaI_100Chrup_9hrdwell_900C_100Chrdown_ black_fluxremaining_15min.raw scan 0
=======================================================================================================================================
 Phase fraction  :     0.4224 Refine? False
 Extinction coeff:     0.0000 Refine? False
 March-Dollase PO:     1.0000 Refine? False Axis: 0 0 1

 Size model    : isotropic equatorial:       0.070 Refine? False
	 LG mixing coeff.:       1.0000 Refine? False

 Mustrain model: isotropic equatorial:      1000.0 Refine? False
	 LG mixing coeff.:      1.0000 Refine? False

 Hydrostatic/elastic strain:
 names :         D11         D33
 values:           0           0
 refine:       False       False

 Histogram: PWDR ML_Poot_20241024_6_RYH_0-RYH1055F_LaNiO3_approx4gNaI_100Chrup_9hrdwell_900C_100Chrdown_ black_fluxremaining_15min.raw scan 0 histogram Id: 0
=======================================================================================================================================
 Instrument type: Bragg-Brentano
 Histogram limits:     5.00 deg to    59.97 deg

 Sample Parameters:
 Goniometer omega = 2.50, chi = 0.00, phi = 0.00
 name  :         Scale         Shift  Transparency    SurfRoughA    SurfRoughB
 value :        1.7441        0.0000        0.0000        0.0000        0.0000
 refine:          True         False         False         False         False

 Instrument Parameters:
 name  :     Azimuth I(L2)/I(L1)        Lam1        Lam2    Polariz.        SH/L           U           V           W
 value :    0.000000    0.500000    1.540600    1.544400    0.911000    0.002000   40.551300  -35.364300    9.729830
 refine:                   False                               False       False       False       False       False

 name  :           X           Y           Z        Zero
 value :    0.000000    0.000000    0.000000    0.000000
 refine:       False       False       False       False

 Background function: chebyschev-1 Refine? True
 Coefficients:    821.308  -482.313   236.538  -111.532   126.882   -93.472    48.900   -40.751    23.284   -60.617    14.451
                  -34.204    -7.376     2.887   -40.794
 Fixed background file: ; mult: 1.000  Refine? False

 Refinement results:
---------------------------------------------------------------------------------------------------------------------------------------
 Number of function calls: 7 No. of observations: 2960 No. of parameters: 28 User rejected: 0 Sp. gp. extinct: 0
 Refinement time =    0.561s,    0.140s/cycle, for 4 cycles
 wR =    6.17%, chi**2 =      9108.71, GOF =   1.76
----------------------------------------------------------------------------------------------------------------------------------
Parameters generated by constraints

 name  :          0::A0          1::A0          4::A0
 value :        0.04471        0.07761        0.15319
 sig   :        0.00001        0.00177        0.00029 

 Phases:
 Result for phase: LaNiO3
=======================================================================================================================================
 Reciprocal metric tensor: 
  names :            A11            A22            A33            A12            A13            A23
  values:    0.044709274    0.044709274    0.005756301    0.044709274    0.000000000    0.000000000
  esds  :    0.000005809                   0.000000862                                             
 New unit cell:
  names :           a           b           c       alpha        beta       gamma      Volume
  values:    5.460980    5.460980   13.180390     90.0000     90.0000    120.0000     340.408
  esds  :    0.000591                0.000987                                           0.039

 Atoms:
   name      x         y         z      frac   Uiso     U11     U22     U33     U12     U13     U23
---------------------------------------------------------------------------------------------------------------------------------------
    La1   La+3:
 values:   0.00000   0.00000   0.25000   0.995         0.00523 0.00523 0.00803 0.00261 0.00000 0.00000
 sig   :                                                                                               
    Ni1   Ni+3:
 values:   0.00000   0.00000   0.00000   1.000         0.00304 0.00304 0.00550 0.00152 0.00000 0.00000
 sig   :                                                                                               
     O1    O-2:
 values:   0.54570   0.00000   0.25000   1.000         0.00770 0.00770 0.00930 0.00380-0.00150-0.00290
 sig   :                                                                                               

 Density: 7.1681 g/cm**3
 Result for phase: La2NiO4
=======================================================================================================================================
 Reciprocal metric tensor: 
  names :            A11            A22            A33            A12            A13            A23
  values:    0.077610640    0.077610640    0.003531456    0.000000000    0.000000000    0.000000000
  esds  :    0.001768978                   0.000144152                                             
 New unit cell:
  names :           a           b           c       alpha        beta       gamma      Volume
  values:    3.589545    3.589545   16.827636     90.0000     90.0000     90.0000     216.821
  esds  :    0.040908                0.343447                                           4.547

 Atoms:
   name      x         y         z      frac   Uiso     U11     U22     U33     U12     U13     U23
---------------------------------------------------------------------------------------------------------------------------------------
    La1   La+3:
 values:   0.00000   0.00000   0.36200   1.000 0.01000
 sig   :                                               
    Ni1   Ni+2:
 values:   0.00000   0.00000   0.00000   1.000 0.01000
 sig   :                                               
     O1    O-2:
 values:   0.50000   0.00000   0.00000   1.000 0.01000
 sig   :                                               
     O2    O-2:
 values:   0.00000   0.00000   0.15700   1.000 0.01000
 sig   :                                               

 Density: 6.1346 g/cm**3
 Result for phase: La3Ni2O7
=======================================================================================================================================
 Reciprocal metric tensor: 
  names :            A11            A22            A33            A12            A13            A23
  values:    0.033400980    0.033605933    0.002494337    0.000000000    0.000000000    0.000000000
  esds  :    0.000088625    0.000085685    0.000003130                                             
 New unit cell:
  names :           a           b           c       alpha        beta       gamma      Volume
  values:    5.471676    5.454966   20.022692     90.0000     90.0000     90.0000     597.633
  esds  :    0.007259    0.006954    0.012563                                           0.406

 Atoms:
   name      x         y         z      frac   Uiso     U11     U22     U33     U12     U13     U23
---------------------------------------------------------------------------------------------------------------------------------------
    La1   La+3:
 values:   0.00000   0.00000   0.50000   1.000 0.01000
 sig   :                                               
    La2   La+3:
 values:   0.00000   0.00000   0.31480   1.000 0.01000
 sig   :                                               
    Ni1   Ni+2:
 values:   0.00000   0.00000   0.09710   1.000 0.01000
 sig   :                                               
     O1    O-2:
 values:   0.00000   0.00000   0.00000   0.920 0.01000
 sig   :                                               
     O2    O-2:
 values:   0.00000   0.00000   0.19000   1.000 0.01000
 sig   :                                               
     O3    O-2:
 values:  -0.25000   0.25000   0.09600   1.000 0.01000
 sig   :                                               

 Density: 7.1667 g/cm**3
 Result for phase: La4Ni3O10
=======================================================================================================================================
 Reciprocal metric tensor: 
  names :            A11            A22            A33            A12            A13            A23
  values:    0.033551901    0.033989659    0.001280715    0.000000000    0.000000000    0.000000000
  esds  :    0.000033067    0.000033908    0.000000502                                             
 New unit cell:
  names :           a           b           c       alpha        beta       gamma      Volume
  values:    5.459356    5.424086   27.943050     90.0000     90.0000     90.0000     827.450
  esds  :    0.002690    0.002706    0.005477                                           0.198

 Atoms:
   name      x         y         z      frac   Uiso     U11     U22     U33     U12     U13     U23
---------------------------------------------------------------------------------------------------------------------------------------
    La1   La+3:
 values:   0.00000   0.00000   0.43100   1.000 0.01000
 sig   :                                               
    La2   La+3:
 values:   0.00000   0.00000   0.29800   1.000 0.01000
 sig   :                                               
    Ni1   Ni+3:
 values:   0.00000   0.00000   0.00000   1.000 0.01000
 sig   :                                               
    Ni2   Ni+3:
 values:   0.00000   0.00000   0.13900   1.000 0.01000
 sig   :                                               
     O1    O-2:
 values:   0.25000   0.25000   0.00000   1.000 0.01000
 sig   :                                               
     O2    O-2:
 values:   0.00000   0.00000   0.07000   1.000 0.01000
 sig   :                                               
     O3    O-2:
 values:   0.25000   0.25000   0.14000   1.000 0.01000
 sig   :                                               
     O4    O-2:
 values:   0.00000   0.00000   0.21000   1.000 0.01000
 sig   :                                               

 Density: 7.1580 g/cm**3
 Result for phase: NiO
=======================================================================================================================================
 Reciprocal metric tensor: 
  names :            A11            A22            A33            A12            A13            A23
  values:    0.153193045    0.153193045    0.019093063    0.153193045    0.000000000    0.000000000
  esds  :    0.000287157                   0.000075251                                             
 New unit cell:
  names :           a           b           c       alpha        beta       gamma      Volume
  values:    2.950189    2.950189    7.237060     90.0000     90.0000    120.0000      54.550
  esds  :    0.004608                0.014262                                           0.057

 Atoms:
   name      x         y         z      frac   Uiso     U11     U22     U33     U12     U13     U23
---------------------------------------------------------------------------------------------------------------------------------------
    Ni1   Ni+2:
 values:   0.00000   0.00000   0.00000   1.000 0.01000
 sig   :                                               
     O1    O-2:
 values:   0.00000   0.00000   0.50000   1.000 0.01000
 sig   :                                               

 Density: 6.8217 g/cm**3

 Phase: LaNiO3 in histogram: PWDR ML_Poot_20241024_6_RYH_0-RYH1055F_LaNiO3_approx4gNaI_100Chrup_9hrdwell_900C_100Chrdown_ black_fluxremaining_15min.raw scan 0
=======================================================================================================================================
 Final refinement RF, RF^2 = 3.61%, 6.93% on 13 reflections
 Durbin-Watson statistic = 0.657
 Bragg intensity sum = 3e+05
 Phase fraction  :    0.91358, sig          0 Weight fraction  :  0.44980, sig    0.00000

 Phase: La2NiO4 in histogram: PWDR ML_Poot_20241024_6_RYH_0-RYH1055F_LaNiO3_approx4gNaI_100Chrup_9hrdwell_900C_100Chrdown_ black_fluxremaining_15min.raw scan 0
=======================================================================================================================================
 Final refinement RF, RF^2 = 19.31%, 41.78% on 17 reflections
 Durbin-Watson statistic = 0.657
 Bragg intensity sum = 1.64e+04
 Phase fraction  :   0.083948, sig          0 Weight fraction  :  0.02253, sig    0.00000

 Phase: La3Ni2O7 in histogram: PWDR ML_Poot_20241024_6_RYH_0-RYH1055F_LaNiO3_approx4gNaI_100Chrup_9hrdwell_900C_100Chrdown_ black_fluxremaining_15min.raw scan 0
=======================================================================================================================================
 Final refinement RF, RF^2 = 6.95%, 10.54% on 34 reflections
 Durbin-Watson statistic = 0.657
 Bragg intensity sum = 6.6e+04
 Phase fraction  :    0.10943, sig          0 Weight fraction  :  0.09457, sig    0.00000

 Phase: La4Ni3O10 in histogram: PWDR ML_Poot_20241024_6_RYH_0-RYH1055F_LaNiO3_approx4gNaI_100Chrup_9hrdwell_900C_100Chrdown_ black_fluxremaining_15min.raw scan 0
=======================================================================================================================================
 Final refinement RF, RF^2 = 6.02%, 7.94% on 47 reflections
 Durbin-Watson statistic = 0.657
 Bragg intensity sum = 2.71e+05
 Phase fraction  :    0.33586, sig          0 Weight fraction  :  0.40139, sig    0.00000

 Phase: NiO in histogram: PWDR ML_Poot_20241024_6_RYH_0-RYH1055F_LaNiO3_approx4gNaI_100Chrup_9hrdwell_900C_100Chrdown_ black_fluxremaining_15min.raw scan 0
=======================================================================================================================================
 Final refinement RF, RF^2 = 13.95%, 29.70% on 3 reflections
 Durbin-Watson statistic = 0.657
 Bragg intensity sum = 6.55e+03
 Phase fraction  :    0.42238, sig          0 Weight fraction  :  0.03171, sig    0.00000

 Histogram: PWDR ML_Poot_20241024_6_RYH_0-RYH1055F_LaNiO3_approx4gNaI_100Chrup_9hrdwell_900C_100Chrdown_ black_fluxremaining_15min.raw scan 0 histogram Id: 0
=======================================================================================================================================
 PWDR histogram weight factor = 1.000
 Final refinement wR = 6.17% on 2960 observations in this histogram
 Other residuals: R = 4.52%, R-bkg = 7.33%, wR-bkg = 6.17% wRmin = 3.52%
 Instrument type: Bragg-Brentano

 Resonant form factors:(ref: D.T. Cromer & D.A. Liberman (1981), Acta Cryst. A37, 267-268.)
 Element:     La+3     Ni+3      O-2     Ni+2
 f'     :   -1.419   -3.002    0.049   -3.002
 f"     :    9.035    0.509    0.032    0.509

 Sample Parameters:
 names :         Scale         Shift  Transparency    SurfRoughA    SurfRoughB
 values:        3.5968        0.0000        0.0000        0.0000        0.0000
 sig   :        0.0189                                                        

 Background function: chebyschev-1
 value :      777.8    -537.2     240.6    -123.7     109.6    -101.6        70    -31.53     45.82    -35.74     57.43    -17.49     7.448     7.532    -4.327
 sig   :      1.501     2.695     2.528     2.407     2.341     2.236     2.215     2.108     2.122     2.013     2.041     1.807     1.803     1.514     1.533
 Background sums: empirical 2.03e+06, Debye 0, peaks 0, Total 2.03e+06
