********************************************************************************
   General Structure Analysis System-II Crystal Structure Refinement
              by Robert B. Von Dreele & Brian H. Toby
                Argonne National Laboratory(C), 2010
 This product includes software developed by the UChicago Argonne, LLC,
            as Operator of Argonne National Laboratory.
                          Please cite:
   B.H. Toby & R.B. Von Dreele, J. Appl. Cryst. 46, 544-549 (2013)
********************************************************************************
 Least squares controls:
 Refinement type: analytic Hessian
 Maximum number of cycles: 3
 Regularize hydrogens (if any): False
 Initial shift factor: 1.000

 Phases:

 Phase name: SrTiO3
=======================================================================================================================================

 X-ray scattering factors:
   Symbol     fa                                      fb                                      fc
---------------------------------------------------------------------------------------------------
 Sr+2      18.08740   8.13730   2.56540 -34.19300   1.49070  12.69630  24.56510  -0.01380  41.40250
 Ti+4      19.51140   8.23473   2.01341   1.52080   0.17885   6.67018  -0.29263  12.94640 -13.28000
 O-2        3.76936   2.53342   1.91579   1.55094  15.07970   6.30430  40.34450   0.31291   0.22789

 Electron scattering factors:
   Symbol     fa                                                fb
---------------------------------------------------------------------------------------------------

 Neutron scattering factors:
   Symbol   isotope       mass       b       resonant terms
---------------------------------------------------------------------------------------------------
 Sr+2    Nat. Abund.     87.620    0.702
 Ti+4    Nat. Abund.     47.900   -0.337
 O-2     Nat. Abund.     15.999    0.580

 Space Group: P m -3 m
 The lattice is centrosymmetric primitive cubic
 The Laue symmetry is m3m
 The lattice point group is m3m
 Multiplicity of a general site is 48
 The inversion center is located at 0,0,0
 
 The equivalent positions are:

 ( 1)     X,     Y,     Z 
 ( 2)     Z,     X,     Y 
 ( 3)     Y,     Z,     X 
 ( 4)     X,     Y,    -Z 
 ( 5)    -Z,     X,     Y 
 ( 6)     Y,    -Z,     X 
 ( 7)    -Z,     X,    -Y 
 ( 8)    -Y,    -Z,     X 
 ( 9)     Y,    -Z,    -X 
 (10)    -X,     Y,    -Z 
 (11)    -Z,    -X,     Y 
 (12)     X,    -Y,    -Z 
 (13)     Y,     X,     Z 
 (14)     Z,     Y,     X 
 (15)     X,     Z,     Y 
 (16)     Y,     X,    -Z 
 (17)    -Z,     Y,     X 
 (18)     X,    -Z,     Y 
 (19)    -Z,     Y,    -X 
 (20)    -X,    -Z,     Y 
 (21)     X,    -Z,    -Y 
 (22)    -Y,     X,    -Z 
 (23)    -Z,    -Y,     X 
 (24)     Y,    -X,    -Z 

 Atoms:
   name    type  refine?   x         y         z      frac site sym  mult I/A   Uiso     U11     U22     U33     U12     U13     U23
---------------------------------------------------------------------------------------------------------------------------------------
    Sr0   Sr+2          0.00000   0.00000   0.00000   1.000    m3m    1    I 0.01000                                                
    Ti1   Ti+4          0.50000   0.50000   0.50000   1.000    m3m    1    I 0.01000                                                
     O2    O-2          0.00000   0.50000   0.50000   1.0004/mmm(x)    3    I 0.01000                                                

 Unit cell: a = 3.90753 b = 3.91413 c = 3.90155 alpha = 90.000 beta = 90.000 gamma = 90.000 volume = 59.673 Refine? False

 Phase name: SrO
=======================================================================================================================================

 X-ray scattering factors:
   Symbol     fa                                      fb                                      fc
---------------------------------------------------------------------------------------------------
 Sr+2      18.08740   8.13730   2.56540 -34.19300   1.49070  12.69630  24.56510  -0.01380  41.40250
 O-2        3.76936   2.53342   1.91579   1.55094  15.07970   6.30430  40.34450   0.31291   0.22789

 Electron scattering factors:
   Symbol     fa                                                fb
---------------------------------------------------------------------------------------------------

 Neutron scattering factors:
   Symbol   isotope       mass       b       resonant terms
---------------------------------------------------------------------------------------------------
 Sr+2    Nat. Abund.     87.620    0.702
 O-2     Nat. Abund.     15.999    0.580

 Space Group: F m -3 m
 The lattice is centrosymmetric F-centered cubic
 The Laue symmetry is m3m
 The lattice point group is m3m
 Multiplicity of a general site is 192
 The inversion center is located at 0,0,0
 
 The equivalent positions are:

 (0,0,0; 0,1/2,1/2; 1/2,0,1/2; 1/2,1/2,0)+

 ( 1)     X,     Y,     Z 
 ( 2)     Z,     X,     Y 
 ( 3)     Y,     Z,     X 
 ( 4)     X,     Y,    -Z 
 ( 5)    -Z,     X,     Y 
 ( 6)     Y,    -Z,     X 
 ( 7)    -Z,     X,    -Y 
 ( 8)    -Y,    -Z,     X 
 ( 9)     Y,    -Z,    -X 
 (10)    -X,     Y,    -Z 
 (11)    -Z,    -X,     Y 
 (12)     X,    -Y,    -Z 
 (13)     Y,     X,     Z 
 (14)     Z,     Y,     X 
 (15)     X,     Z,     Y 
 (16)     Y,     X,    -Z 
 (17)    -Z,     Y,     X 
 (18)     X,    -Z,     Y 
 (19)    -Z,     Y,    -X 
 (20)    -X,    -Z,     Y 
 (21)     X,    -Z,    -Y 
 (22)    -Y,     X,    -Z 
 (23)    -Z,    -Y,     X 
 (24)     Y,    -X,    -Z 

 Atoms:
   name    type  refine?   x         y         z      frac site sym  mult I/A   Uiso     U11     U22     U33     U12     U13     U23
---------------------------------------------------------------------------------------------------------------------------------------
    Sr0   Sr+2          0.00000   0.00000   0.50000   1.000    m3m    4    I 0.01000                                                
     O1    O-2          0.00000   0.00000   0.00000   1.000    m3m    4    I 0.01000                                                

 Unit cell: a = 5.52978 b = 5.52407 c = 5.51234 alpha = 90.000 beta = 90.000 gamma = 90.000 volume = 168.384 Refine? False

 Phase: SrTiO3 in histogram: PWDR ML_Bjork_20250202_1_WLB_0_(EXT_FS_N19G017)_(EXT_BTC_50000729)-SrTiO_n=0_1070C_15min.raw scan 0
=======================================================================================================================================
 Phase fraction  :     0.9195 Refine? False
 Extinction coeff:     0.0000 Refine? False
 March-Dollase PO:     1.0000 Refine? False Axis: 0 0 1

 Size model    : isotropic equatorial:       1.000 Refine? False
	 LG mixing coeff.:       1.0000 Refine? False

 Mustrain model: isotropic equatorial:      1000.0 Refine? False
	 LG mixing coeff.:      1.0000 Refine? False

 Hydrostatic/elastic strain:
 names :         D11          eA
 values:           0           0
 refine:       False       False

 Phase: SrO in histogram: PWDR ML_Bjork_20250202_1_WLB_0_(EXT_FS_N19G017)_(EXT_BTC_50000729)-SrTiO_n=0_1070C_15min.raw scan 0
=======================================================================================================================================
 Phase fraction  :     0.0805 Refine? False
 Extinction coeff:     0.0000 Refine? False
 March-Dollase PO:     1.0000 Refine? False Axis: 0 0 1

 Size model    : isotropic equatorial:       1.000 Refine? False
	 LG mixing coeff.:       1.0000 Refine? False

 Mustrain model: isotropic equatorial:      1000.0 Refine? False
	 LG mixing coeff.:      1.0000 Refine? False

 Hydrostatic/elastic strain:
 names :         D11          eA
 values:           0           0
 refine:       False       False

 Histogram: PWDR ML_Bjork_20250202_1_WLB_0_(EXT_FS_N19G017)_(EXT_BTC_50000729)-SrTiO_n=0_1070C_15min.raw scan 0 histogram Id: 0
=======================================================================================================================================
 Instrument type: Bragg-Brentano
 Histogram limits:     5.00 deg to    59.97 deg

 Sample Parameters:
 Goniometer omega = 2.50, chi = 0.00, phi = 0.00
 name  :         Scale         Shift  Transparency    SurfRoughA    SurfRoughB
 value :        3.2134        0.0000        0.0000        0.0000        0.0000
 refine:          True         False         False         False         False

 Instrument Parameters:
 name  :     Azimuth I(L2)/I(L1)        Lam1        Lam2    Polariz.        SH/L           U           V           W
 value :    0.000000    0.500000    1.540600    1.544400    0.911000    0.002000   40.551300  -35.364300    9.729830
 refine:                   False                               False       False       False       False       False

 name  :           X           Y           Z        Zero
 value :    0.000000    0.000000    0.000000    0.000000
 refine:       False       False       False       False

 Background function: chebyschev-1 Refine? True
 Coefficients:    621.689  -542.968   271.493  -181.300   135.968   -92.720    30.119   -57.309     6.608   -63.042     2.675
                  -29.117    12.731     6.696   -22.471
 Fixed background file: ; mult: 1.000  Refine? False

 Refinement results:
---------------------------------------------------------------------------------------------------------------------------------------
 Number of function calls: 5 No. of observations: 2960 No. of parameters: 16 User rejected: 0 Sp. gp. extinct: 0
 Refinement time =    0.092s,    0.046s/cycle, for 2 cycles
 wR =   33.13%, chi**2 =       220179, GOF =   8.65

 Phases:
 Result for phase: SrTiO3
=======================================================================================================================================

 Atoms:
   name      x         y         z      frac   Uiso     U11     U22     U33     U12     U13     U23
---------------------------------------------------------------------------------------------------------------------------------------
    Sr0   Sr+2:
 values:   0.00000   0.00000   0.00000   1.000 0.01000
 sig   :                                               
    Ti1   Ti+4:
 values:   0.50000   0.50000   0.50000   1.000 0.01000
 sig   :                                               
     O2    O-2:
 values:   0.00000   0.50000   0.50000   1.000 0.01000
 sig   :                                               

 Density: 5.1068 g/cm**3
 Result for phase: SrO
=======================================================================================================================================

 Atoms:
   name      x         y         z      frac   Uiso     U11     U22     U33     U12     U13     U23
---------------------------------------------------------------------------------------------------------------------------------------
    Sr0   Sr+2:
 values:   0.00000   0.00000   0.50000   1.000 0.01000
 sig   :                                               
     O1    O-2:
 values:   0.00000   0.00000   0.00000   1.000 0.01000
 sig   :                                               

 Density: 4.0874 g/cm**3

 Phase: SrTiO3 in histogram: PWDR ML_Bjork_20250202_1_WLB_0_(EXT_FS_N19G017)_(EXT_BTC_50000729)-SrTiO_n=0_1070C_15min.raw scan 0
=======================================================================================================================================
 Final refinement RF, RF^2 = 28.93%, 46.55% on 6 reflections
 Durbin-Watson statistic = 0.140
 Bragg intensity sum = 3.95e+05
 Phase fraction  :     0.9195, sig          0 Weight fraction  :  0.83491, sig    0.00000

 Phase: SrO in histogram: PWDR ML_Bjork_20250202_1_WLB_0_(EXT_FS_N19G017)_(EXT_BTC_50000729)-SrTiO_n=0_1070C_15min.raw scan 0
=======================================================================================================================================
 Final refinement RF, RF^2 = 32.15%, 54.67% on 5 reflections
 Durbin-Watson statistic = 0.140
 Bragg intensity sum = 1.2e+05
 Phase fraction  :   0.080505, sig          0 Weight fraction  :  0.16509, sig    0.00000

 Histogram: PWDR ML_Bjork_20250202_1_WLB_0_(EXT_FS_N19G017)_(EXT_BTC_50000729)-SrTiO_n=0_1070C_15min.raw scan 0 histogram Id: 0
=======================================================================================================================================
 PWDR histogram weight factor = 1.000
 Final refinement wR = 33.13% on 2960 observations in this histogram
 Other residuals: R = 18.23%, R-bkg = 40.34%, wR-bkg = 33.13% wRmin = 3.84%
 Instrument type: Bragg-Brentano

 Resonant form factors:(ref: D.T. Cromer & D.A. Liberman (1981), Acta Cryst. A37, 267-268.)
 Element:     Sr+2     Ti+4      O-2
 f'     :   -0.355    0.218    0.049
 f"     :    1.820    1.807    0.032

 Sample Parameters:
 names :         Scale         Shift  Transparency    SurfRoughA    SurfRoughB
 values:       62.9326        0.0000        0.0000        0.0000        0.0000
 sig   :        1.1554                                                        

 Background function: chebyschev-1
 value :      611.4    -552.3     273.8    -179.7     135.3    -85.09     39.03    -51.12     12.48    -53.89     6.128    -29.69     10.44     7.893    -23.82
 sig   :      6.312     11.64     11.16     10.55     10.26     9.868     9.658     9.301     9.091     8.625     8.408     7.639     7.383     6.182     5.766
 Background sums: empirical 1.51e+06, Debye 0, peaks 0, Total 1.51e+06
